LIBMDADM_4.2 {
	global:
		mdadm_manage_ro;
		mdadm_manage_run;
		mdadm_manage_stop;
		mdadm_manage_subdevs;
		mdadm_update_subarray;
		mdadm_autodetect;
		mdadm_set_action;
		mdadm_stop_scan;
		mdadm_grow_add_device;
		mdadm_grow_add_bitmap;
		mdadm_grow_reshape;
		mdadm_grow_restart;
		mdadm_grow_continue;
		mdadm_grow_consistency_policy;
		mdadm_grow_continue_command;
		mdadm_grow_set_size;
		mdadm_assemble;
		mdadm_scan_assemble;
		mdadm_build;
		mdadm_create;
		mdadm_query;
		mdadm_detail;
		mdadm_detail_platform;
		mdadm_misc_scan;
		mdadm_query;
		mdadm_examine;
		mdadm_examine_badblocks;
		mdadm_monitor;
		mdadm_wait;
		mdadm_wait_clean;
		mdadm_kill;
		mdadm_kill_subarray;
		mdadm_incremental;
		mdadm_incremental_scan;
		mdadm_incremental_remove;
		mdadm_dump_metadata;
		mdadm_restore_metadata;
		mdlib_get_conffile;
		mdlib_set_conffile;
		mdlib_set_name;
		mdlib_get_name;
		mdlib_get_version;
		mdadm_rebuild_map;
		mdadm_create_bitmap;
		mdadm_examine_bitmap;
		mdadm_write_rules;
		mdadm_get_layout;
		mdadm_default_layout;
		mdadm_personality_num;
		mdadm_personality_name;
		mdadm_consistency_policy_num;
		mdadm_consistency_policy_name;
		mdadm_raid_layout_name;
		mdadm_raid_layout_num;
		mdadm_faulty_layout;
		mdadm_array_state_num;
		mdadm_array_state_name;
		mdadm_assemble_status;
		get_linux_version;
		mdadm_version;
		mdlib_manage_fork_fds;
		mdadm_parse_size;
		mdadm_parse_uuid;
		mdadm_parse_num;
		mdadm_parse_cluster_confirm_arg;
		mdadm_parse_auto;
		mdadm_parse_devname;
		mdadm_open_dev;
		mdadm_open_mddev;
		mdmon_running;
		mdmon_pid;
		start_mdmon;
		mdadm_set_metadata_handler;
		mdadm_lookup_supertype;
		mdadm_add_to_super;
		mdadm_remove_from_super;
		mdadm_write_init_super;
		mdlib_set_hooks;
		mdlib_set_homecluster;
		mdlib_set_homehost;
		mdlib_stat_is_md_dev;
		mdlib_cluster_get_dlmlock;
		mdlib_cluster_release_dlmlock;
		mdadm_cluster_is_locked;
	local:
		*;
};
