LIBMDADM_4.1 {
	global:
		mdadm_manage_ro;
		mdadm_manage_run;
		mdadm_manage_stop;
		mdadm_manage_subdevs;
		mdadm_set_action;
		mdadm_stop_scan;
		mdadm_autodetect;
		mdadm_grow_add_device;
		mdadm_grow_addbitmap;
		mdadm_grow_reshape;
		mdadm_grow_restart;
		mdadm_grow_continue;
		mdadm_grow_consistency_policy;
		mdadm_grow_continue_command;
		mdadm_grow_set_size;
		mdadm_assemble;
		mdadm_scan_assemble;
		mdadm_build;
		mdadm_create;
		mdadm_detail;
		mdadm_detail_platform;
		mdadm_query;
		mdadm_examine_badblocks;
		mdadm_examine;
		mdadm_monitor;
		mdadm_kill;
		mdadm_kill_subarray;
		mdadm_wait;
		mdadm_wait_clean;
		mdadm_incremental;
		mdadm_update_subarray;
		mdadm_rebuild_map;
		mdadm_incremental_scan;
		mdadm_incremental_remove;
		mdadm_create_bitmap;
		mdadm_examine_bitmap;
		mdadm_dump_metadata;
		mdadm_restore_metadata;
		mdadm_misc_scan;
		mdadm_write_rules;
		mdlib_get_name;
		mdlib_set_name;
		mdlib_get_version;
		mdlib_get_conffile;
		mdlib_set_conffile;
		mdadm_lookup_supertype;
		mdadm_get_layout;
		mdadm_default_layout;
		mdadm_faulty_layout;
		mdadm_raid_layout_name;
		mdadm_raid_layout_num;
		mdadm_personality_name;
		mdadm_personality_num;
		mdadm_consistency_policy_name;
		mdadm_consistency_policy_num;
		mdadm_array_state_name;
		mdadm_array_state_num;
		md_get_array_info;
		get_linux_version;
		mdadm_cluster_get_dlmlock;
		mdadm_cluster_release_dlmlock;
	local:
		*;
};
